
> sriman-architecture-portfolio@0.0.1 build
> astro build

[2m21:35:10[22m [34m[content][39m Syncing content
[2m21:35:10[22m [34m[content][39m Synced content
[2m21:35:10[22m [34m[types][39m Generated [2m474ms[22m
[2m21:35:10[22m [34m[build][39m output: [34m"server"[39m
[2m21:35:10[22m [34m[build][39m mode: [34m"server"[39m
[2m21:35:10[22m [34m[build][39m directory: [34mC:\ArchitecturePortfolio\Sriman-Architecture-Portfolio\dist\[39m
[2m21:35:10[22m [34m[build][39m adapter: [32m@astrojs/vercel[39m
[2m21:35:10[22m [34m[build][39m Collecting build info...
[2m21:35:10[22m [34m[build][39m [32mΓ£ô Completed in 512ms.[39m
[2m21:35:10[22m [34m[build][39m Building server entrypoints...
21:35:11 [ERROR] [vite] Γ£ù Build failed in 977ms
Expected "}" but found ":"
  Location:
    C:/ArchitecturePortfolio/Sriman-Architecture-Portfolio/src/pages/accelerators/mulesoft-logging-correlation-standard.astro:43:13
  Stack trace:
    at failureErrorWithLog (C:\ArchitecturePortfolio\Sriman-Architecture-Portfolio\node_modules\vite\node_modules\esbuild\lib\main.js:1467:15)
    at responseCallbacks.<computed> (C:\ArchitecturePortfolio\Sriman-Architecture-Portfolio\node_modules\vite\node_modules\esbuild\lib\main.js:603:9)
    at Socket.readFromStdout (C:\ArchitecturePortfolio\Sriman-Architecture-Portfolio\node_modules\vite\node_modules\esbuild\lib\main.js:581:7)
    at addChunk (node:internal/streams/readable:559:12)
    at Readable.push (node:internal/streams/readable:390:5)
